<!DOCTYPE html>
<html xmlns="http://www.w3.org/1999/xhtml" xmlns:v="urn:schemas-microsoft-com:vml" xmlns:o="urn:schemas-microsoft-com:office:office">

<head>
  <title>
  </title>
  <!--[if !mso]><!-->
  <meta http-equiv="X-UA-Compatible" content="IE=edge">
  <!--<![endif]-->
  <meta http-equiv="Content-Type" content="text/html; charset=UTF-8">
  <meta name="viewport" content="width=device-width, initial-scale=1">
  <style type="text/css">
    #outlook a {
      padding: 0;
    }

    body {
      margin: 0;
      padding: 0;
      -webkit-text-size-adjust: 100%;
      -ms-text-size-adjust: 100%;
    }

    table,
    td {
      border-collapse: collapse;
      mso-table-lspace: 0pt;
      mso-table-rspace: 0pt;
    }

    img {
      border: 0;
      height: auto;
      line-height: 100%;
      outline: none;
      text-decoration: none;
      -ms-interpolation-mode: bicubic;
    }

    p {
      display: block;
      margin: 13px 0;
    }
  </style>
  <!--[if mso]>
        <xml>
        <o:OfficeDocumentSettings>
          <o:AllowPNG/>
          <o:PixelsPerInch>96</o:PixelsPerInch>
        </o:OfficeDocumentSettings>
        </xml>
        <![endif]-->
  <!--[if lte mso 11]>
        <style type="text/css">
          .mj-outlook-group-fix { width:100% !important; }
        </style>
        <![endif]-->
  <!--[if !mso]><!-->
  <link href="https://fonts.googleapis.com/css?family=Roboto:300,400,500,700" rel="stylesheet" type="text/css">
  <style type="text/css">
    @import url(https://fonts.googleapis.com/css?family=Roboto:300,400,500,700);
  </style>
  <!--<![endif]-->
  <style type="text/css">
    @media only screen and (min-width:480px) {
      .mj-column-per-100 {
        width: 100% !important;
        max-width: 100%;
      }

      .mj-column-per-80 {
        width: 80% !important;
        max-width: 80%;
      }
    }
  </style>
  <style media="screen and (min-width:480px)">
    .moz-text-html .mj-column-per-100 {
      width: 100% !important;
      max-width: 100%;
    }

    .moz-text-html .mj-column-per-80 {
      width: 80% !important;
      max-width: 80%;
    }
  </style>
  <style type="text/css">
  </style>
  <style type="text/css">
    @media only screen and (min-width:480px) {
      .title {
        font-size: 40px !important;
        line-height: 50px !important;
      }
    }

    @media only screen and (max-width: 480px) {
      .hide-on-mobile {
        display: none !important;
      }
    }

    .list-title {
      font-weight: 700;
      color: #30324B;
    }

    .button--lower table {
      min-width: 80%;
    }

    .faq--link {
      color: #4E888C !important;
    }
  </style>
</head>

<body style="word-spacing:normal;background-color:#F2F2F2;">
  <div style="background-color:#F2F2F2;">
    <!--[if mso | IE]><table align="center" border="0" cellpadding="0" cellspacing="0" class="" style="width:700px;" width="700" ><tr><td style="line-height:0px;font-size:0px;mso-line-height-rule:exactly;"><![endif]-->
    <div style="margin:0px auto;max-width:700px;">
      <table align="center" border="0" cellpadding="0" cellspacing="0" role="presentation" style="width:100%;">
        <tbody>
          <tr>
            <td style="direction:ltr;font-size:0px;padding:0px;text-align:center;">
              <!--[if mso | IE]><table role="presentation" border="0" cellpadding="0" cellspacing="0"><tr><td class="" width="700px" ><table align="center" border="0" cellpadding="0" cellspacing="0" class="" style="width:700px;" width="700" ><tr><td style="line-height:0px;font-size:0px;mso-line-height-rule:exactly;"><![endif]-->
              <div style="background:#F2F2F2;background-color:#F2F2F2;margin:0px auto;max-width:700px;">
                <table align="center" border="0" cellpadding="0" cellspacing="0" role="presentation" style="background:#F2F2F2;background-color:#F2F2F2;width:100%;">
                  <tbody>
                    <tr>
                      <td style="direction:ltr;font-size:0px;padding:20px 0;text-align:center;">
                        <!--[if mso | IE]><table role="presentation" border="0" cellpadding="0" cellspacing="0"><tr><td class="" style="vertical-align:top;width:700px;" ><![endif]-->
                        <div class="mj-column-per-100 mj-outlook-group-fix" style="font-size:0px;text-align:left;direction:ltr;display:inline-block;vertical-align:top;width:100%;">
                          <table border="0" cellpadding="0" cellspacing="0" role="presentation" style="vertical-align:top;" width="100%">
                            <tbody>
                              <tr>
                                <td align="left" style="font-size:0px;padding:10px 25px;word-break:break-word;">
                                  <div style="font-family:Roboto, Arial, Helvetica, sans-serif;font-size:21px;line-height:30px;text-align:left;color:#30324B;"></div>
                                </td>
                              </tr>
                            </tbody>
                          </table>
                        </div>
                        <!--[if mso | IE]></td></tr></table><![endif]-->
                      </td>
                    </tr>
                  </tbody>
                </table>
              </div>
              <!--[if mso | IE]></td></tr></table></td></tr><tr><td class="" width="700px" ><table align="center" border="0" cellpadding="0" cellspacing="0" class="" style="width:700px;" width="700" ><tr><td style="line-height:0px;font-size:0px;mso-line-height-rule:exactly;"><![endif]-->
              <div style="background:#FFFFFF;background-color:#FFFFFF;margin:0px auto;max-width:700px;">
                <table align="center" border="0" cellpadding="0" cellspacing="0" role="presentation" style="background:#FFFFFF;background-color:#FFFFFF;width:100%;">
                  <tbody>
                    <tr>
                      <td style="direction:ltr;font-size:0px;padding:20px 0;text-align:center;">
                        <!--[if mso | IE]><table role="presentation" border="0" cellpadding="0" cellspacing="0"><tr><td class="" style="vertical-align:top;width:560px;" ><![endif]-->
                        <div class="mj-column-per-80 mj-outlook-group-fix" style="font-size:0px;text-align:left;direction:ltr;display:inline-block;vertical-align:top;width:100%;">
                          <table border="0" cellpadding="0" cellspacing="0" role="presentation" width="100%">
                            <tbody>
                              <tr>
                                <td style="vertical-align:top;padding-top:25px;padding-bottom:5px;">
                                  <table border="0" cellpadding="0" cellspacing="0" role="presentation" style width="100%">
                                    <tbody>
                                      <tr>
                                        <td align="left" style="font-size:0px;padding:10px 25px;word-break:break-word;">
                                          <div style="font-family:Roboto, Arial, Helvetica, sans-serif;font-size:21px;line-height:30px;text-align:left;color:#30324B;">
                                            <div class="title" style="text-align: center; color: #30324B; font-family: Roboto, Arial, Helvetica, sans-serif; font-size: 27px; line-height: 33px; font-weight: bold;"> test </div>
                                          </div>
                                        </td>
                                      </tr>
                                    </tbody>
                                  </table>
                                </td>
                              </tr>
                            </tbody>
                          </table>
                        </div>
                        <!--[if mso | IE]></td></tr></table><![endif]-->
                      </td>
                    </tr>
                  </tbody>
                </table>
              </div>
              <!--[if mso | IE]></td></tr></table></td></tr><![endif]-->
              <!-- Body -->
              <!--[if mso | IE]><tr><td class="" width="700px" ><table align="center" border="0" cellpadding="0" cellspacing="0" class="" style="width:700px;" width="700" ><tr><td style="line-height:0px;font-size:0px;mso-line-height-rule:exactly;"><![endif]-->
              <div style="background:#FFFFFF;background-color:#FFFFFF;margin:0px auto;max-width:700px;">
                <table align="center" border="0" cellpadding="0" cellspacing="0" role="presentation" style="background:#FFFFFF;background-color:#FFFFFF;width:100%;">
                  <tbody>
                    <tr>
                      <td style="direction:ltr;font-size:0px;padding:20px 0;padding-bottom:0px;padding-left:20px;padding-right:20px;padding-top:0px;text-align:center;">
                        <!--[if mso | IE]><table role="presentation" border="0" cellpadding="0" cellspacing="0"><tr><td align="left" class="" style="" ><![endif]-->
                        <div style="font-family:Roboto, Arial, Helvetica, sans-serif;font-size:21px;line-height:30px;text-align:left;color:#30324B;">hi mjml test</div>
                        <!--[if mso | IE]></td></tr></table><![endif]-->
                      </td>
                    </tr>
                  </tbody>
                </table>
              </div>
              <!--[if mso | IE]></td></tr></table></td></tr><tr><td class="" width="700px" ><![endif]-->
              <table align="center" border="0" cellpadding="0" cellspacing="0" role="presentation" style="background:#FFFFFF;background-color:#FFFFFF;width:100%;">
                <tbody>
                  <tr>
                    <td>
                      <!--[if mso | IE]><table align="center" border="0" cellpadding="0" cellspacing="0" class="" style="width:700px;" width="700" ><tr><td style="line-height:0px;font-size:0px;mso-line-height-rule:exactly;"><![endif]-->
                      <div style="margin:0px auto;max-width:700px;">
                        <table align="center" border="0" cellpadding="0" cellspacing="0" role="presentation" style="width:100%;">
                          <tbody>
                            <tr>
                              <td style="direction:ltr;font-size:0px;padding:20px 0;padding-top:40px;text-align:center;">
                                <!--[if mso | IE]><table role="presentation" border="0" cellpadding="0" cellspacing="0"><tr></tr></table><![endif]-->
                              </td>
                            </tr>
                          </tbody>
                        </table>
                      </div>
                      <!--[if mso | IE]></td></tr></table><![endif]-->
                    </td>
                  </tr>
                </tbody>
              </table>
              <!--[if mso | IE]></td></tr><tr><td class="" width="700px" ><![endif]-->
              <table align="center" border="0" cellpadding="0" cellspacing="0" role="presentation" style="background:#43455F;background-color:#43455F;width:100%;">
                <tbody>
                  <tr>
                    <td>
                      <!--[if mso | IE]><table align="center" border="0" cellpadding="0" cellspacing="0" class="" style="width:700px;" width="700" ><tr><td style="line-height:0px;font-size:0px;mso-line-height-rule:exactly;"><![endif]-->
                      <div style="margin:0px auto;max-width:700px;">
                        <table align="center" border="0" cellpadding="0" cellspacing="0" role="presentation" style="width:100%;">
                          <tbody>
                            <tr>
                              <td style="direction:ltr;font-size:0px;padding:20px 0;padding-bottom:40px;padding-top:40px;text-align:center;">
                                <!--[if mso | IE]><table role="presentation" border="0" cellpadding="0" cellspacing="0"><tr><td class="" style="vertical-align:top;width:700px;" ><![endif]-->
                                <div class="mj-column-per-100 mj-outlook-group-fix" style="font-size:0px;text-align:left;direction:ltr;display:inline-block;vertical-align:top;width:100%;">
                                  <table border="0" cellpadding="0" cellspacing="0" role="presentation" style="vertical-align:top;" width="100%">
                                    <tbody>
                                      <tr>
                                        <td align="center" style="font-size:0px;padding:6px;word-break:break-word;">
                                          <div style="font-family:Roboto, Arial, Helvetica, sans-serif;font-size:13px;line-height:18px;text-align:center;color:#ffffff;">
<a style="color: inherit;" href="test/privacy">Privacy</a> | <a style="color: inherit;" href="test/terms-and-conditions">Terms &amp; Conditions</a> | <a style="color: inherit;" href="test/get-in-touch">Contact Us</a>
</div>
                                        </td>
                                      </tr>
                                      <tr>
                                        <td align="center" style="font-size:0px;padding:6px;word-break:break-word;">
                                          <div style="font-family:Roboto, Arial, Helvetica, sans-serif;font-size:13px;line-height:18px;text-align:center;color:#ffffff;">© Laravel 2021.</div>
                                        </td>
                                      </tr>
                                    </tbody>
                                  </table>
                                </div>
                                <!--[if mso | IE]></td></tr></table><![endif]-->
                              </td>
                            </tr>
                          </tbody>
                        </table>
                      </div>
                      <!--[if mso | IE]></td></tr></table><![endif]-->
                    </td>
                  </tr>
                </tbody>
              </table>
              <!--[if mso | IE]></td></tr></table><![endif]-->
            </td>
          </tr>
        </tbody>
      </table>
    </div>
    <!--[if mso | IE]></td></tr></table><![endif]-->
  </div>
</body>

</html>
